Archive member included to satisfy reference by file (symbol)

freertos/libfreertos.a(FreeRTOS-openocd.c.obj)
                              (uxTopUsedPriority)
esp32/libesp32.a(cpu_start.c.obj)
                              (call_start_cpu0)
esp32/libesp32.a(crosscore_int.c.obj)
                              esp32/libesp32.a(cpu_start.c.obj) (esp_crosscore_int_init)
esp32/libesp32.a(dbg_stubs.c.obj)
                              esp32/libesp32.a(cpu_start.c.obj) (esp_dbg_stubs_init)
esp32/libesp32.a(dport_access.c.obj)
                              esp32/libesp32.a(cpu_start.c.obj) (esp_dport_access_stall_other_cpu_start)
esp32/libesp32.a(dport_panic_highint_hdl.S.obj)
                              (ld_include_panic_highint_hdl)
esp32/libesp32.a(esp_timer.c.obj)
                              esp32/libesp32.a(cpu_start.c.obj) (esp_timer_init)
esp32/libesp32.a(esp_timer_esp32.c.obj)
                              esp32/libesp32.a(esp_timer.c.obj) (esp_timer_impl_get_time)
esp32/libesp32.a(int_wdt.c.obj)
                              esp32/libesp32.a(dport_panic_highint_hdl.S.obj) (int_wdt_app_cpu_ticked)
esp32/libesp32.a(intr_alloc.c.obj)
                              esp32/libesp32.a(esp_timer_esp32.c.obj) (esp_intr_enable)
esp32/libesp32.a(ipc.c.obj)   esp32/libesp32.a(intr_alloc.c.obj) (esp_ipc_call_blocking)
esp32/libesp32.a(panic.c.obj)
                              esp32/libesp32.a(cpu_start.c.obj) (abort)
esp32/libesp32.a(system_api.c.obj)
                              esp32/libesp32.a(panic.c.obj) (esp_restart_noos)
esp32/libesp32.a(task_wdt.c.obj)
                              esp32/libesp32.a(cpu_start.c.obj) (esp_task_wdt_init)
esp32/libesp32.a(brownout.c.obj)
                              esp32/libesp32.a(cpu_start.c.obj) (esp_brownout_init)
esp32/libesp32.a(cache_err_int.c.obj)
                              esp32/libesp32.a(cpu_start.c.obj) (esp_cache_err_int_init)
esp32/libesp32.a(clk.c.obj)   esp32/libesp32.a(cpu_start.c.obj) (esp_clk_init)
esp32/libesp32.a(esp_err_to_name.c.obj)
                              esp32/libesp32.a(panic.c.obj) (esp_err_to_name)
esp32/libesp32.a(freertos_hooks.c.obj)
                              esp32/libesp32.a(task_wdt.c.obj) (esp_register_freertos_idle_hook_for_cpu)
esp32/libesp32.a(pm_esp32.c.obj)
                              esp32/libesp32.a(freertos_hooks.c.obj) (esp_pm_impl_waiti)
esp32/libesp32.a(pm_locks.c.obj)
                              esp32/libesp32.a(pm_esp32.c.obj) (esp_pm_lock_create)
cxx/libcxx.a(cxx_exception_stubs.cpp.obj)
                              (__cxx_fatal_exception)
cxx/libcxx.a(cxx_guards.cpp.obj)
                              (__cxa_guard_dummy)
main/libmain.a(blink.c.obj)   esp32/libesp32.a(cpu_start.c.obj) (app_main)
C:/SysGCC/esp32/esp-idf/v3.2/components/newlib/lib\libc.a(lib_a-assert.o)
                              esp32/libesp32.a(cpu_start.c.obj) (__assert_func)
C:/SysGCC/esp32/esp-idf/v3.2/components/newlib/lib\libc.a(lib_a-fiprintf.o)
                              C:/SysGCC/esp32/esp-idf/v3.2/components/newlib/lib\libc.a(lib_a-assert.o) (fiprintf)
C:/SysGCC/esp32/esp-idf/v3.2/components/newlib/lib\libc.a(lib_a-fopen.o)
                              esp32/libesp32.a(cpu_start.c.obj) (fopen)
C:/SysGCC/esp32/esp-idf/v3.2/components/newlib/lib\libc.a(lib_a-fputs.o)
                              esp32/libesp32.a(esp_timer.c.obj) (fputs)
C:/SysGCC/esp32/esp-idf/v3.2/components/newlib/lib\libc.a(lib_a-fseek.o)
                              C:/SysGCC/esp32/esp-idf/v3.2/components/newlib/lib\libc.a(lib_a-fopen.o) (_fseek_r)
C:/SysGCC/esp32/esp-idf/v3.2/components/newlib/lib\libc.a(lib_a-fseeko.o)
                              C:/SysGCC/esp32/esp-idf/v3.2/components/newlib/lib\libc.a(lib_a-fseek.o) (_fseeko_r)
C:/SysGCC/esp32/esp-idf/v3.2/components/newlib/lib\libc.a(lib_a-printf.o)
                              cxx/libcxx.a(cxx_exception_stubs.cpp.obj) (printf)
C:/SysGCC/esp32/esp-idf/v3.2/components/newlib/lib\libc.a(lib_a-snprintf.o)
                              esp32/libesp32.a(esp_timer.c.obj) (snprintf)
C:/SysGCC/esp32/esp-idf/v3.2/components/newlib/lib\libc.a(lib_a-svfprintf.o)
                              C:/SysGCC/esp32/esp-idf/v3.2/components/newlib/lib\libc.a(lib_a-snprintf.o) (_svfprintf_r)
C:/SysGCC/esp32/esp-idf/v3.2/components/newlib/lib\libc.a(lib_a-vfiprintf.o)
                              C:/SysGCC/esp32/esp-idf/v3.2/components/newlib/lib\libc.a(lib_a-fiprintf.o) (_vfiprintf_r)
C:/SysGCC/esp32/esp-idf/v3.2/components/newlib/lib\libc.a(lib_a-vfprintf.o)
                              C:/SysGCC/esp32/esp-idf/v3.2/components/newlib/lib\libc.a(lib_a-printf.o) (_vfprintf_r)
C:/SysGCC/esp32/esp-idf/v3.2/components/newlib/lib\libc.a(lib_a-xpg_strerror_r.o)
                              esp32/libesp32.a(esp_err_to_name.c.obj) (__xpg_strerror_r)
C:/SysGCC/esp32/esp-idf/v3.2/components/newlib/lib\libc.a(lib_a-dtoa.o)
[...]
Memory Configuration

Name             Origin             Length             Attributes
iram0_0_seg      0x40080000         0x00020000         xr
iram0_2_seg      0x400d0018         0x0032ffe8         xr
dram0_0_seg      0x3ffb0000         0x0002c200         rw
drom0_0_seg      0x3f400018         0x003fffe8         r
rtc_iram_seg     0x400c0000         0x00002000         xrw
rtc_data_seg     0x3ff80000         0x00002000         rw
rtc_slow_seg     0x50000000         0x00001000         rw
extern_ram_seg   0x3f800000         0x00400000         xrw
*default*        0x00000000         0xffffffff

Linker script and memory map

LOAD CMakeFiles/blink.elf.dir/dummy_main_src.c.obj
START GROUP
LOAD soc/libsoc.a
LOAD log/liblog.a
LOAD heap/libheap.a
LOAD xtensa-debug-module/libxtensa-debug-module.a
LOAD app_trace/libapp_trace.a
LOAD freertos/libfreertos.a
LOAD vfs/libvfs.a
LOAD newlib/libnewlib.a
LOAD esp_ringbuf/libesp_ringbuf.a
LOAD driver/libdriver.a
LOAD esp_event/libesp_event.a
LOAD ethernet/libethernet.a
LOAD lwip/liblwip.a
LOAD tcpip_adapter/libtcpip_adapter.a
LOAD app_update/libapp_update.a
LOAD spi_flash/libspi_flash.a
LOAD mbedtls/libmbedtls.a
LOAD micro-ecc/libmicro-ecc.a
LOAD bootloader_support/libbootloader_support.a
LOAD nvs_flash/libnvs_flash.a
LOAD pthread/libpthread.a
LOAD smartconfig_ack/libsmartconfig_ack.a
LOAD wpa_supplicant/libwpa_supplicant.a
LOAD esp32/libesp32.a
LOAD cxx/libcxx.a
LOAD asio/libasio.a
LOAD jsmn/libjsmn.a
LOAD coap/libcoap.a
LOAD console/libconsole.a
LOAD nghttp/libnghttp.a
LOAD esp-tls/libesp-tls.a
LOAD esp_adc_cal/libesp_adc_cal.a
LOAD tcp_transport/libtcp_transport.a
LOAD esp_http_client/libesp_http_client.a
LOAD esp_http_server/libesp_http_server.a
LOAD esp_https_ota/libesp_https_ota.a
LOAD expat/libexpat.a
LOAD wear_levelling/libwear_levelling.a
LOAD sdmmc/libsdmmc.a
LOAD fatfs/libfatfs.a
LOAD freemodbus/libfreemodbus.a
LOAD json/libjson.a
LOAD libsodium/liblibsodium.a
LOAD mdns/libmdns.a
LOAD mqtt/libmqtt.a
LOAD openssl/libopenssl.a
LOAD protobuf-c/libprotobuf-c.a
LOAD protocomm/libprotocomm.a
LOAD spiffs/libspiffs.a
LOAD ulp/libulp.a
LOAD wifi_provisioning/libwifi_provisioning.a
LOAD main/libmain.a
LOAD c:/sysgcc/esp32/opt/xtensa-esp32-elf/bin/../lib/gcc/xtensa-esp32-elf/5.2.0\libgcov.a
LOAD C:/SysGCC/esp32/esp-idf/v3.2/components/newlib/lib\libc.a
LOAD C:/SysGCC/esp32/esp-idf/v3.2/components/newlib/lib\libm.a
LOAD C:/SysGCC/esp32/esp-idf/v3.2/components/esp32/lib\libcoexist.a
LOAD C:/SysGCC/esp32/esp-idf/v3.2/components/esp32/lib\libcore.a
LOAD C:/SysGCC/esp32/esp-idf/v3.2/components/esp32/lib\libespnow.a
LOAD C:/SysGCC/esp32/esp-idf/v3.2/components/esp32/lib\libmesh.a
LOAD C:/SysGCC/esp32/esp-idf/v3.2/components/esp32/lib\libnet80211.a
LOAD C:/SysGCC/esp32/esp-idf/v3.2/components/esp32/lib\libphy.a
LOAD C:/SysGCC/esp32/esp-idf/v3.2/components/esp32/lib\libpp.a
LOAD C:/SysGCC/esp32/esp-idf/v3.2/components/esp32/lib\librtc.a
LOAD C:/SysGCC/esp32/esp-idf/v3.2/components/esp32/lib\libsmartconfig.a
LOAD C:/SysGCC/esp32/esp-idf/v3.2/components/esp32/lib\libwpa2.a
LOAD C:/SysGCC/esp32/esp-idf/v3.2/components/esp32/lib\libwpa.a
LOAD C:/SysGCC/esp32/esp-idf/v3.2/components/esp32/lib\libwps.a
LOAD C:/SysGCC/esp32/esp-idf/v3.2/components/esp32/libhal.a
LOAD c:/sysgcc/esp32/opt/xtensa-esp32-elf/bin/../lib/gcc/xtensa-esp32-elf/5.2.0\libgcc.a
LOAD c:/sysgcc/esp32/opt/xtensa-esp32-elf/bin/../lib/gcc/xtensa-esp32-elf/5.2.0/../../../../xtensa-esp32-elf/lib\libstdc++.a
                0x40000000                _heap_end = 0x40000000
                0x3ff80000                _data_seg_org = ORIGIN (rtc_data_seg)

.rtc.text       0x400c0000        0x0
                0x400c0000                . = ALIGN (0x4)
 *(.rtc.literal .rtc.text)
 *rtc_wake_stub*.*(.literal .text .literal.* .text.*)
                0x400c0000                _rtc_text_end = ABSOLUTE (.)

.rtc.dummy      0x3ff80000        0x0
                0x3ff80000                _rtc_dummy_start = ABSOLUTE (.)
                0x3ff80000                _rtc_fast_start = ABSOLUTE (.)
                0x00000000                . = SIZEOF (.rtc.text)
                0x00000000                _rtc_dummy_end = ABSOLUTE (.)

.rtc.force_fast
                0x3ff80000        0x0
                0x3ff80000                . = ALIGN (0x4)
                0x3ff80000                _rtc_force_fast_start = ABSOLUTE (.)
 *(.rtc.force_fast .rtc.force_fast.*)
                0x3ff80000                . = ALIGN (0x4)
                0x3ff80000                _rtc_force_fast_end = ABSOLUTE (.)

.rtc.data       0x50000000        0x0
                0x50000000                _rtc_data_start = ABSOLUTE (.)
 *(.rtc.data)
 *(.rtc.rodata)
 *rtc_wake_stub*.*(.data .rodata .data.* .rodata.* .bss .bss.*)
                0x50000000                _rtc_data_end = ABSOLUTE (.)

.rtc.bss        0x50000000        0x0
                0x50000000                _rtc_bss_start = ABSOLUTE (.)
 *rtc_wake_stub*.*(.bss .bss.*)
 *rtc_wake_stub*.*(COMMON)
 *(.rtc.bss)
                0x50000000                _rtc_bss_end = ABSOLUTE (.)

.rtc_noinit     0x50000000        0x0
                0x50000000                . = ALIGN (0x4)
                0x50000000                _rtc_noinit_start = ABSOLUTE (.)
 *(.rtc_noinit .rtc_noinit.*)
                0x50000000                . = ALIGN (0x4)
                0x50000000                _rtc_noinit_end = ABSOLUTE (.)

.rtc.force_slow
                0x50000000        0x0
                0x50000000                . = ALIGN (0x4)
                0x50000000                _rtc_force_slow_start = ABSOLUTE (.)
 *(.rtc.force_slow .rtc.force_slow.*)
                0x50000000                . = ALIGN (0x4)
                0x50000000                _rtc_force_slow_end = ABSOLUTE (.)
                0x00000000                _rtc_slow_length = (ORIGIN (rtc_slow_seg) == ORIGIN (rtc_data_location))?(_rtc_force_slow_end - _rtc_data_start):(_rtc_force_slow_end - _rtc_force_slow_start)
                0x00000000                _rtc_fast_length = (ORIGIN (rtc_slow_seg) == ORIGIN (rtc_data_location))?(_rtc_force_fast_end - _rtc_fast_start):(_rtc_noinit_end - _rtc_fast_start)
                0x00000001                ASSERT ((_rtc_slow_length <= 0x1000), RTC_SLOW segment data does not fit.)
                0x00000001                ASSERT ((_rtc_fast_length <= 0x2000), RTC_FAST segment data does not fit.)

.iram0.vectors  0x40080000      0x400
                0x40080000                _iram_start = ABSOLUTE (.)
                0x40080000                _init_start = ABSOLUTE (.)
                0x00000000                . = 0x0
 *(.WindowVectors.text)
 .WindowVectors.text
                0x40080000      0x16a freertos/libfreertos.a(xtensa_vectors.S.obj)
                0x40080000                _WindowOverflow4
                0x40080040                _WindowUnderflow4
                0x40080050                _xt_alloca_exc
                0x40080080                _WindowOverflow8
                0x400800c0                _WindowUnderflow8
                0x40080100                _WindowOverflow12
                0x40080140                _WindowUnderflow12
                0x00000180                . = 0x180
 *fill*         0x4008016a       0x16 
 *(.Level2InterruptVector.text)
 .Level2InterruptVector.text
                0x40080180        0x6 freertos/libfreertos.a(xtensa_vectors.S.obj)
                                  0x9 (size before relaxing)
                0x40080180                _Level2Vector
                0x000001c0                . = 0x1c0
 *fill*         0x40080186       0x3a 
 *(.Level3InterruptVector.text)
 .Level3InterruptVector.text
                0x400801c0        0x6 freertos/libfreertos.a(xtensa_vectors.S.obj)
                                  0x9 (size before relaxing)
                0x400801c0                _Level3Vector
                0x00000200                . = 0x200
 *fill*         0x400801c6       0x3a 
 *(.Level4InterruptVector.text)
 .Level4InterruptVector.text
                0x40080200        0x6 freertos/libfreertos.a(xtensa_vectors.S.obj)
                                  0x9 (size before relaxing)
                0x40080200                _Level4Vector
                0x00000240                . = 0x240
 *fill*         0x40080206       0x3a 
 *(.Level5InterruptVector.text)
 .Level5InterruptVector.text
                0x40080240        0x6 freertos/libfreertos.a(xtensa_vectors.S.obj)
                                  0x9 (size before relaxing)
                0x40080240                _Level5Vector
                0x00000280                . = 0x280
 *fill*         0x40080246       0x3a 
 *(.DebugExceptionVector.text)
 .DebugExceptionVector.text
                0x40080280        0x6 freertos/libfreertos.a(xtensa_vectors.S.obj)
                                  0x9 (size before relaxing)
                0x40080280                _DebugExceptionVector
                0x000002c0                . = 0x2c0
 *fill*         0x40080286       0x3a 
 *(.NMIExceptionVector.text)
 .NMIExceptionVector.text
                0x400802c0        0x6 freertos/libfreertos.a(xtensa_vectors.S.obj)
                                  0x9 (size before relaxing)
                0x400802c0                _NMIExceptionVector
                0x00000300                . = 0x300
 *fill*         0x400802c6       0x3a 
 *(.KernelExceptionVector.text)
 .KernelExceptionVector.text
                0x40080300        0x6 freertos/libfreertos.a(xtensa_vectors.S.obj)
                                  0x9 (size before relaxing)
                0x40080300                _KernelExceptionVector
                0x00000340                . = 0x340
 *fill*         0x40080306       0x3a 
 *(.UserExceptionVector.text)
 .UserExceptionVector.text
                0x40080340        0x6 freertos/libfreertos.a(xtensa_vectors.S.obj)
                                  0x9 (size before relaxing)
                0x40080340                _UserExceptionVector
                0x000003c0                . = 0x3c0
 *fill*         0x40080346       0x7a 
 *(.DoubleExceptionVector.text)
 .DoubleExceptionVector.text
                0x400803c0        0xe freertos/libfreertos.a(xtensa_vectors.S.obj)
                                 0x11 (size before relaxing)
                0x400803c0                _DoubleExceptionVector
                0x00000400                . = 0x400
 *fill*         0x400803ce       0x32 
 *(.*Vector.literal)
 .DebugExceptionVector.literal
                0x40080400        0x0 freertos/libfreertos.a(xtensa_vectors.S.obj)
                                  0x4 (size before relaxing)
 .DoubleExceptionVector.literal
                0x40080400        0x0 freertos/libfreertos.a(xtensa_vectors.S.obj)
                                  0x4 (size before relaxing)
 .KernelExceptionVector.literal
                0x40080400        0x0 freertos/libfreertos.a(xtensa_vectors.S.obj)
                                  0x4 (size before relaxing)
 .UserExceptionVector.literal
                0x40080400        0x0 freertos/libfreertos.a(xtensa_vectors.S.obj)
                                  0x4 (size before relaxing)
 .Level2InterruptVector.literal
                0x40080400        0x0 freertos/libfreertos.a(xtensa_vectors.S.obj)
                                  0x4 (size before relaxing)
 .Level3InterruptVector.literal
                0x40080400        0x0 freertos/libfreertos.a(xtensa_vectors.S.obj)
                                  0x4 (size before relaxing)
 .Level4InterruptVector.literal
                0x40080400        0x0 freertos/libfreertos.a(xtensa_vectors.S.obj)
                                  0x4 (size before relaxing)
 .Level5InterruptVector.literal
                0x40080400        0x0 freertos/libfreertos.a(xtensa_vectors.S.obj)
                                  0x4 (size before relaxing)
 .NMIExceptionVector.literal
                0x40080400        0x0 freertos/libfreertos.a(xtensa_vectors.S.obj)
                                  0x4 (size before relaxing)
 *(.UserEnter.literal)
 *(.UserEnter.text)
                0x40080400                . = ALIGN (0x10)
 *fill*         0x40080400        0x0 
 *(.entry.text)
 *(.init.literal)
 *(.init)
                0x40080400                _init_end = ABSOLUTE (.)

.iram0.text     0x40080400     0xa3ec
                0x40080400                _iram_text_start = ABSOLUTE (.)
 *(.iram1 .iram1.*)
 .iram1.literal
                0x40080400       0xb4 esp32/libesp32.a(cpu_start.c.obj)
                                0x1dc (size before relaxing)
 .iram1.literal
                0x400804b4       0x1c esp32/libesp32.a(crosscore_int.c.obj)
                                 0x40 (size before relaxing)
 .iram1.literal
                0x400804d0       0x38 esp32/libesp32.a(dport_access.c.obj)
                                 0x88 (size before relaxing)
 .iram1.literal
                0x40080508       0x14 esp32/libesp32.a(dport_panic_highint_hdl.S.obj)
                                 0x34 (size before relaxing)
 .iram1.literal
                0x4008051c       0x28 esp32/libesp32.a(esp_timer.c.obj)
                                 0x60 (size before relaxing)
 .iram1.literal
                0x40080544       0x54 esp32/libesp32.a(esp_timer_esp32.c.obj)
                                 0xe8 (size before relaxing)
 .iram1.literal
                0x40080598        0x8 esp32/libesp32.a(int_wdt.c.obj)
                                  0xc (size before relaxing)
 .iram1.literal
                0x400805a0       0x20 esp32/libesp32.a(intr_alloc.c.obj)
                                 0x7c (size before relaxing)
 .iram1.literal
                0x400805c0       0x20 esp32/libesp32.a(ipc.c.obj)
                                 0x34 (size before relaxing)
 .iram1.literal
                0x400805e0       0x40 esp32/libesp32.a(system_api.c.obj)
                                 0xb8 (size before relaxing)
 .iram1.literal
                0x40080620        0xc esp32/libesp32.a(cache_err_int.c.obj)
                                 0x18 (size before relaxing)
 .iram1.literal
                0x4008062c        0xc esp32/libesp32.a(clk.c.obj)
                                 0x20 (size before relaxing)
 .iram1.literal
                0x40080638        0x4 esp32/libesp32.a(freertos_hooks.c.obj)
 .iram1.literal
                0x4008063c       0x1c soc/libsoc.a(cpu_util.c.obj)
                                 0x30 (size before relaxing)
 .iram1.literal
                0x40080658       0x24 log/liblog.a(log.c.obj)
                                 0x48 (size before relaxing)
 .iram1.literal
                0x4008067c       0x58 heap/libheap.a(heap_caps.c.obj)
                                 0xb0 (size before relaxing)
 .iram1.literal
                0x400806d4        0x4 freertos/libfreertos.a(port.c.obj)
 .iram1.literal
                0x400806d8       0x44 freertos/libfreertos.a(xtensa_vectors.S.obj)
                                 0xa8 (size before relaxing)
 .iram1.literal
                0x4008071c        0x0 freertos/libfreertos.a(xtensa_vector_defaults.S.obj)
                                  0x4 (size before relaxing)
 .iram1.literal
                0x4008071c       0x14 newlib/libnewlib.a(locks.c.obj)
                                 0x90 (size before relaxing)
 .iram1.literal
                0x40080730        0x8 newlib/libnewlib.a(reent_init.c.obj)
                                 0x10 (size before relaxing)
 .iram1.literal
                0x40080738        0x4 newlib/libnewlib.a(syscalls.c.obj)
                                 0x14 (size before relaxing)
 .iram1.literal
                0x4008073c        0x4 newlib/libnewlib.a(time.c.obj)
                                 0x1c (size before relaxing)
 .iram1.literal
                0x40080740      0x104 driver/libdriver.a(spi_master.c.obj)
                                0x24c (size before relaxing)
 .iram1.literal
                0x40080844       0x28 driver/libdriver.a(spi_common.c.obj)
                                 0x70 (size before relaxing)
 .iram1.literal
                0x4008086c       0x50 spi_flash/libspi_flash.a(cache_utils.c.obj)
                                0x120 (size before relaxing)
 .iram1.literal
                0x400808bc       0x2c spi_flash/libspi_flash.a(flash_ops.c.obj)
                                 0xe4 (size before relaxing)
 .iram1.literal
                0x400808e8       0x40 spi_flash/libspi_flash.a(flash_mmap.c.obj)
                                0x170 (size before relaxing)
 .literal.prvGetFreeSize
                0x40080928        0xc esp_ringbuf/libesp_ringbuf.a(ringbuf.c.obj)
                                 0x14 (size before relaxing)
 .literal.prvReceiveGeneric
                0x40080934        0x4 esp_ringbuf/libesp_ringbuf.a(ringbuf.c.obj)
                                 0x3c (size before relaxing)
 .literal.xRingbufferSend
                0x40080938        0x4 esp_ringbuf/libesp_ringbuf.a(ringbuf.c.obj)
                                 0x40 (size before relaxing)
 .literal.xRingbufferReceive
                0x4008093c        0x4 esp_ringbuf/libesp_ringbuf.a(ringbuf.c.obj)
                                 0x18 (size before relaxing)
 .literal.vRingbufferReturnItem
                0x40080940        0x4 esp_ringbuf/libesp_ringbuf.a(ringbuf.c.obj)
                                 0x28 (size before relaxing)
 .literal.vPortTaskWrapper
                0x40080944        0x8 freertos/libfreertos.a(port.c.obj)
                                 0x18 (size before relaxing)
 .literal.pxPortInitialiseStack
                0x4008094c       0x14 freertos/libfreertos.a(port.c.obj)
                                 0x1c (size before relaxing)
 .literal.xPortStartScheduler
                0x40080960        0x0 freertos/libfreertos.a(port.c.obj)
                                 0x14 (size before relaxing)
 .literal.xPortSysTickHandler
                0x40080960        0x0 freertos/libfreertos.a(port.c.obj)
                                  0x8 (size before relaxing)
 .literal.vPortYieldOtherCore
                0x40080960        0x0 freertos/libfreertos.a(port.c.obj)
                                  0x4 (size before relaxing)
 .literal.vPortReleaseTaskMPUSettings
                0x40080960        0x0 freertos/libfreertos.a(port.c.obj)
                                  0x4 (size before relaxing)
 .literal.xPortInIsrContext
                0x40080960        0x0 freertos/libfreertos.a(port.c.obj)
                                  0x8 (size before relaxing)
 .literal.vPortCPUInitializeMutex
                0x40080960        0x4 freertos/libfreertos.a(port.c.obj)
 .literal.vPortCPUAcquireMutex
                0x40080964       0x1c freertos/libfreertos.a(port.c.obj)
                                 0x30 (size before relaxing)
 .literal.vPortCPUReleaseMutex
                0x40080980        0xc freertos/libfreertos.a(port.c.obj)
                                 0x20 (size before relaxing)
 .literal       0x4008098c       0x10 freertos/libfreertos.a(portasm.S.obj)
                                 0x74 (size before relaxing)
 .literal.prvIsQueueFull
                0x4008099c        0x0 freertos/libfreertos.a(queue.c.obj)
                                  0x8 (size before relaxing)
 .literal.prvCopyDataToQueue
                0x4008099c        0x0 freertos/libfreertos.a(queue.c.obj)
                                  0xc (size before relaxing)
 .literal.prvNotifyQueueSetContainer
                0x4008099c       0x14 freertos/libfreertos.a(queue.c.obj)
                                 0x34 (size before relaxing)
 .literal.prvCopyDataFromQueue
                0x400809b0        0x0 freertos/libfreertos.a(queue.c.obj)
                                  0x4 (size before relaxing)
 .literal.xQueueGenericReset
                0x400809b0        0x4 freertos/libfreertos.a(queue.c.obj)
                                 0x30 (size before relaxing)
 .literal.prvInitialiseNewQueue
                0x400809b4        0x0 freertos/libfreertos.a(queue.c.obj)
                                  0x4 (size before relaxing)
 .literal.xQueueGenericCreate
                0x400809b4        0x4 freertos/libfreertos.a(queue.c.obj)
                                 0x1c (size before relaxing)
 .literal.xQueueGetMutexHolder
                0x400809b8        0x0 freertos/libfreertos.a(queue.c.obj)
                                  0x8 (size before relaxing)
 .literal.xQueueCreateCountingSemaphore
                0x400809b8        0x4 freertos/libfreertos.a(queue.c.obj)
                                 0x28 (size before relaxing)
 .literal.xQueueGenericSend
                0x400809bc        0x4 freertos/libfreertos.a(queue.c.obj)
                                 0x7c (size before relaxing)
 .literal.prvInitialiseMutex
                0x400809c0        0x0 freertos/libfreertos.a(queue.c.obj)
                                  0x8 (size before relaxing)
 .literal.xQueueCreateMutex
                0x400809c0        0x0 freertos/libfreertos.a(queue.c.obj)
                                  0x8 (size before relaxing)
 .literal.xQueueGiveMutexRecursive
                0x400809c0        0x4 freertos/libfreertos.a(queue.c.obj)
                                 0x1c (size before relaxing)
 .literal.xQueueGenericSendFromISR
                0x400809c4        0x4 freertos/libfreertos.a(queue.c.obj)
                                 0x3c (size before relaxing)
 .literal.xQueueGiveFromISR
                0x400809c8        0x4 freertos/libfreertos.a(queue.c.obj)
                                 0x30 (size before relaxing)
 .literal.xQueueGenericReceive
                0x400809cc        0x4 freertos/libfreertos.a(queue.c.obj)
                                 0x78 (size before relaxing)
 .literal.xQueueTakeMutexRecursive
                0x400809d0        0x4 freertos/libfreertos.a(queue.c.obj)
                                 0x1c (size before relaxing)
 .literal.xQueueReceiveFromISR
                0x400809d4        0x4 freertos/libfreertos.a(queue.c.obj)
                                 0x30 (size before relaxing)
 .literal.uxQueueMessagesWaiting
                0x400809d8        0x4 freertos/libfreertos.a(queue.c.obj)
                                 0x1c (size before relaxing)
 .literal.vQueueDelete
                0x400809dc        0x4 freertos/libfreertos.a(queue.c.obj)
                                 0x18 (size before relaxing)
 .literal.vQueueWaitForMessageRestricted
                0x400809e0        0x0 freertos/libfreertos.a(queue.c.obj)
                                  0xc (size before relaxing)
 .literal.prvResetNextTaskUnblockTime
                0x400809e0        0x8 freertos/libfreertos.a(tasks.c.obj)
 .literal.prvDeleteTLS
                0x400809e8       0x10 freertos/libfreertos.a(tasks.c.obj)
                                 0x18 (size before relaxing)
 .literal.prvInitialiseNewTask
                0x400809f8        0x0 freertos/libfreertos.a(tasks.c.obj)
                                 0x18 (size before relaxing)
 .literal.prvInitialiseTaskLists
                0x400809f8       0x20 freertos/libfreertos.a(tasks.c.obj)
                                 0x40 (size before relaxing)
 .literal.prvDeleteTCB
                0x40080a18        0x8 freertos/libfreertos.a(tasks.c.obj)
                                 0x2c (size before relaxing)
 .literal.prvAddCurrentTaskToDelayedList
                0x40080a20        0x4 freertos/libfreertos.a(tasks.c.obj)
                                 0x1c (size before relaxing)
 .literal.taskYIELD_OTHER_CORE
                0x40080a24        0x0 freertos/libfreertos.a(tasks.c.obj)
                                 0x10 (size before relaxing)
 .literal.vTaskSuspendAll
                0x40080a24        0x4 freertos/libfreertos.a(tasks.c.obj)
                                  0x8 (size before relaxing)
 .literal.xTaskGetTickCount
                0x40080a28        0x0 freertos/libfreertos.a(tasks.c.obj)
                                  0x4 (size before relaxing)
 .literal.xTaskGetIdleTaskHandleForCPU
                0x40080a28        0xc freertos/libfreertos.a(tasks.c.obj)
                                 0x1c (size before relaxing)
 .literal.vTaskSwitchContext
                0x40080a34       0x18 freertos/libfreertos.a(tasks.c.obj)
                                 0x3c (size before relaxing)
 .literal.vTaskSetTimeOutState
                0x40080a4c        0xc freertos/libfreertos.a(tasks.c.obj)
                                 0x20 (size before relaxing)
 .literal.xTaskGetCurrentTaskHandle
                0x40080a58        0x0 freertos/libfreertos.a(tasks.c.obj)
                                  0x8 (size before relaxing)
 .literal.__getreent
                0x40080a58        0x0 freertos/libfreertos.a(tasks.c.obj)
                                  0x8 (size before relaxing)
 .literal.pcTaskGetTaskName
                0x40080a58        0x8 freertos/libfreertos.a(tasks.c.obj)
                                 0x1c (size before relaxing)
 .literal.xTaskGetAffinity
                0x40080a60        0x0 freertos/libfreertos.a(tasks.c.obj)
                                  0x4 (size before relaxing)
 .literal.xTaskGetCurrentTaskHandleForCPU
                0x40080a60        0x0 freertos/libfreertos.a(tasks.c.obj)
                                  0x4 (size before relaxing)
 .literal.xTaskGetSchedulerState
                0x40080a60        0x4 freertos/libfreertos.a(tasks.c.obj)
                                  0xc (size before relaxing)
 .literal.vTaskEnterCritical
                0x40080a64       0x14 freertos/libfreertos.a(tasks.c.obj)
                                 0x34 (size before relaxing)
 .literal.vTaskExitCritical
                0x40080a78        0xc freertos/libfreertos.a(tasks.c.obj)
                                 0x28 (size before relaxing)
 .literal.prvAddNewTaskToReadyList
                0x40080a84       0x10 freertos/libfreertos.a(tasks.c.obj)
                                 0x58 (size before relaxing)
 .literal.xTaskCreatePinnedToCore
                0x40080a94        0x0 freertos/libfreertos.a(tasks.c.obj)
                                 0x18 (size before relaxing)
 .literal.vTaskStartScheduler
                0x40080a94       0x10 freertos/libfreertos.a(tasks.c.obj)
                                 0x3c (size before relaxing)
 .literal.vTaskDelete
                0x40080aa4        0x8 freertos/libfreertos.a(tasks.c.obj)
                                 0x60 (size before relaxing)
 .literal.vTaskDelay
                0x40080aac        0x4 freertos/libfreertos.a(tasks.c.obj)
                                 0x38 (size before relaxing)
 .literal.uxTaskPriorityGet
                0x40080ab0        0x0 freertos/libfreertos.a(tasks.c.obj)
                                 0x10 (size before relaxing)
 .literal.vTaskPrioritySet
                0x40080ab0        0x4 freertos/libfreertos.a(tasks.c.obj)
                                 0x44 (size before relaxing)
 .literal.prvCheckTasksWaitingTermination
                0x40080ab4        0x8 freertos/libfreertos.a(tasks.c.obj)
                                 0x30 (size before relaxing)
 .literal.prvIdleTask
                0x40080abc        0x0 freertos/libfreertos.a(tasks.c.obj)
                                  0x8 (size before relaxing)
 .literal.xTaskIncrementTick
                0x40080abc        0xc freertos/libfreertos.a(tasks.c.obj)
                                 0x6c (size before relaxing)
 .literal.xTaskResumeAll
                0x40080ac8        0x8 freertos/libfreertos.a(tasks.c.obj)
                                 0x5c (size before relaxing)
 .literal.vTaskPlaceOnEventList
                0x40080ad0        0x8 freertos/libfreertos.a(tasks.c.obj)
                                 0x40 (size before relaxing)
 .literal.vTaskPlaceOnEventListRestricted
                0x40080ad8        0x8 freertos/libfreertos.a(tasks.c.obj)
                                 0x38 (size before relaxing)
 .literal.xTaskRemoveFromEventList
                0x40080ae0        0x8 freertos/libfreertos.a(tasks.c.obj)
                                 0x58 (size before relaxing)
 .literal.xTaskCheckForTimeOut
                0x40080ae8        0xc freertos/libfreertos.a(tasks.c.obj)
                                 0x3c (size before relaxing)
 .literal.vTaskPriorityInherit
                0x40080af4        0x0 freertos/libfreertos.a(tasks.c.obj)
                                 0x28 (size before relaxing)
 .literal.xTaskPriorityDisinherit
                0x40080af4        0x8 freertos/libfreertos.a(tasks.c.obj)
                                 0x3c (size before relaxing)
 .literal.pvTaskIncrementMutexHeldCount
                0x40080afc        0x0 freertos/libfreertos.a(tasks.c.obj)
                                 0x10 (size before relaxing)
 .literal.prvGetNextExpireTime
                0x40080afc        0x4 freertos/libfreertos.a(timers.c.obj)
 .literal.prvInsertTimerInActiveList
                0x40080b00        0x4 freertos/libfreertos.a(timers.c.obj)
                                 0x10 (size before relaxing)
 .literal.prvCheckForValidListAndQueue
                0x40080b04       0x1c freertos/libfreertos.a(timers.c.obj)
                                 0x44 (size before relaxing)
 .literal.xTimerCreateTimerTask
                0x40080b20        0xc freertos/libfreertos.a(timers.c.obj)
                                 0x2c (size before relaxing)
 .literal.xTimerGenericCommand
                0x40080b2c        0x0 freertos/libfreertos.a(timers.c.obj)
                                 0x14 (size before relaxing)
 .literal.prvSwitchTimerLists
                0x40080b2c        0x4 freertos/libfreertos.a(timers.c.obj)
                                 0x28 (size before relaxing)
 .literal.prvSampleTimeNow
                0x40080b30        0x4 freertos/libfreertos.a(timers.c.obj)
                                  0xc (size before relaxing)
 .literal.prvProcessExpiredTimer
                0x40080b34        0x4 freertos/libfreertos.a(timers.c.obj)
                                 0x24 (size before relaxing)
 .literal.prvProcessTimerOrBlockTask
                0x40080b38        0x0 freertos/libfreertos.a(timers.c.obj)
                                 0x24 (size before relaxing)
 .literal.prvProcessReceivedCommands
                0x40080b38        0x8 freertos/libfreertos.a(timers.c.obj)
                                 0x40 (size before relaxing)
 .literal.prvTimerTask
                0x40080b40        0x0 freertos/libfreertos.a(timers.c.obj)
                                  0xc (size before relaxing)
 .literal       0x40080b40        0x0 freertos/libfreertos.a(xtensa_context.S.obj)
                                 0x24 (size before relaxing)
 .literal._xt_tick_divisor_init
                0x40080b40        0x4 freertos/libfreertos.a(xtensa_init.c.obj)
                                  0xc (size before relaxing)
 .literal.xt_unhandled_interrupt
                0x40080b44        0x4 freertos/libfreertos.a(xtensa_intr.c.obj)
                                  0x8 (size before relaxing)
 .literal.xt_set_interrupt_handler
                0x40080b48        0x8 freertos/libfreertos.a(xtensa_intr.c.obj)
                                  0xc (size before relaxing)
 .literal.get_prev_free_block
                0x40080b50       0x10 heap/libheap.a(multi_heap.c.obj)
                                 0x28 (size before relaxing)
 .literal.split_if_necessary
                0x40080b60       0x10 heap/libheap.a(multi_heap.c.obj)
                                 0x50 (size before relaxing)
 .literal.assert_valid_block
                0x40080b70        0x0 heap/libheap.a(multi_heap.c.obj)
                                 0x2c (size before relaxing)
 .literal.merge_adjacent
                0x40080b70        0x8 heap/libheap.a(multi_heap.c.obj)
                                 0x4c (size before relaxing)
 .literal.multi_heap_get_allocated_size_impl
                0x40080b78        0x0 heap/libheap.a(multi_heap.c.obj)
                                 0x10 (size before relaxing)
 .literal.multi_heap_malloc_impl
                0x40080b78        0x0 heap/libheap.a(multi_heap.c.obj)
                                 0x28 (size before relaxing)
 .literal.multi_heap_free_impl
                0x40080b78        0x0 heap/libheap.a(multi_heap.c.obj)
                                 0x50 (size before relaxing)
 .literal.multi_heap_realloc_impl
                0x40080b78        0x8 heap/libheap.a(multi_heap.c.obj)
                                 0x68 (size before relaxing)
 .literal.panicPutChar
                0x40080b80        0x4 esp32/libesp32.a(panic.c.obj)
                                  0x8 (size before relaxing)
 .literal.panicPutStr
                0x40080b84        0x0 esp32/libesp32.a(panic.c.obj)
                                  0x4 (size before relaxing)
 .literal.panicPutHex
                0x40080b84        0x0 esp32/libesp32.a(panic.c.obj)
                                  0x8 (size before relaxing)
 .literal.panicPutDec
                0x40080b84        0x4 esp32/libesp32.a(panic.c.obj)
                                 0x10 (size before relaxing)
 .literal.illegal_instruction_helper
                0x40080b88       0x18 esp32/libesp32.a(panic.c.obj)
                                 0x3c (size before relaxing)
 .literal.reconfigureAllWdts
                0x40080ba0        0xc esp32/libesp32.a(panic.c.obj)
                                 0x24 (size before relaxing)
 .literal.putEntry
                0x40080bac        0xc esp32/libesp32.a(panic.c.obj)
                                 0x20 (size before relaxing)
 .literal.doBacktrace
                0x40080bb8       0x10 esp32/libesp32.a(panic.c.obj)
                                 0x24 (size before relaxing)
 .literal.invoke_abort
                0x40080bc8        0x4 esp32/libesp32.a(panic.c.obj)
                                  0x8 (size before relaxing)
 .literal.haltOtherCore
                0x40080bcc        0x0 esp32/libesp32.a(panic.c.obj)
                                  0x4 (size before relaxing)
 .literal.commonErrorHandler_dump
                0x40080bcc       0x2c esp32/libesp32.a(panic.c.obj)
                                 0x90 (size before relaxing)
 .literal.esp_panic_dig_reset
                0x40080bf8        0x0 esp32/libesp32.a(panic.c.obj)
                                 0x18 (size before relaxing)
 .literal.commonErrorHandler
                0x40080bf8        0x8 esp32/libesp32.a(panic.c.obj)
                                 0x4c (size before relaxing)
 .literal.esp_error_check_failed_print
                0x40080c00       0x14 esp32/libesp32.a(panic.c.obj)
                                 0x2c (size before relaxing)
 .literal.abort
                0x40080c14        0x8 esp32/libesp32.a(panic.c.obj)
                                 0x18 (size before relaxing)
 .literal.vApplicationStackOverflowHook
                0x40080c1c        0x8 esp32/libesp32.a(panic.c.obj)
                                 0x18 (size before relaxing)
 .literal.panicHandler
                0x40080c24       0x34 esp32/libesp32.a(panic.c.obj)
                                 0xa8 (size before relaxing)
 .literal.xt_unhandled_exception
                0x40080c58       0x18 esp32/libesp32.a(panic.c.obj)
                                 0x68 (size before relaxing)
 .literal._esp_error_check_failed
                0x40080c70        0x4 esp32/libesp32.a(panic.c.obj)
                                  0xc (size before relaxing)
 .literal.rtc_clk_32k_enable_common
                0x40080c74       0x14 soc/libsoc.a(rtc_clk.c.obj)
 .literal.rtc_clk_bbpll_disable
                0x40080c88        0x8 soc/libsoc.a(rtc_clk.c.obj)
                                 0x10 (size before relaxing)
 .literal.rtc_clk_bbpll_enable
                0x40080c90        0x8 soc/libsoc.a(rtc_clk.c.obj)
                                 0x1c (size before relaxing)
 .literal.rtc_clk_32k_enable
                0x40080c98        0x4 soc/libsoc.a(rtc_clk.c.obj)
                                  0xc (size before relaxing)
 .literal.rtc_clk_32k_enable_external
                0x40080c9c        0x0 soc/libsoc.a(rtc_clk.c.obj)
                                  0x4 (size before relaxing)
 .literal.rtc_clk_8m_enable
                0x40080c9c        0xc soc/libsoc.a(rtc_clk.c.obj)
                                 0x10 (size before relaxing)
 .literal.rtc_clk_slow_freq_set
                0x40080ca8        0x0 soc/libsoc.a(rtc_clk.c.obj)
                                  0xc (size before relaxing)
 .literal.rtc_clk_slow_freq_get
                0x40080ca8        0x0 soc/libsoc.a(rtc_clk.c.obj)
                                  0x4 (size before relaxing)
 .literal.rtc_clk_slow_freq_get_hz
                0x40080ca8        0x8 soc/libsoc.a(rtc_clk.c.obj)
                                 0x10 (size before relaxing)
 .literal.rtc_clk_fast_freq_set
                0x40080cb0        0x0 soc/libsoc.a(rtc_clk.c.obj)
                                  0xc (size before relaxing)
 .literal.rtc_clk_bbpll_configure
                0x40080cb0        0xc soc/libsoc.a(rtc_clk.c.obj)
                                 0x3c (size before relaxing)
 .literal.rtc_clk_xtal_freq_get
                0x40080cbc        0x8 soc/libsoc.a(rtc_clk.c.obj)
 .literal.rtc_clk_cpu_freq_mhz_to_config
                0x40080cc4        0x0 soc/libsoc.a(rtc_clk.c.obj)
                                  0x4 (size before relaxing)
 .literal.rtc_clk_cpu_freq_get_config
                0x40080cc4       0x10 soc/libsoc.a(rtc_clk.c.obj)
                                 0x34 (size before relaxing)
 .literal.rtc_clk_apb_freq_update
                0x40080cd4        0x4 soc/libsoc.a(rtc_clk.c.obj)
 .literal.rtc_clk_cpu_freq_to_xtal
                0x40080cd8        0xc soc/libsoc.a(rtc_clk.c.obj)
                                 0x34 (size before relaxing)
 .literal.rtc_clk_cpu_freq_set_xtal
                0x40080ce4        0x0 soc/libsoc.a(rtc_clk.c.obj)
                                 0x10 (size before relaxing)
 .literal.rtc_clk_cpu_freq_to_pll_mhz
                0x40080ce4        0x8 soc/libsoc.a(rtc_clk.c.obj)
                                 0x3c (size before relaxing)
 .literal.rtc_clk_cpu_freq_to_8m
                0x40080cec        0x4 soc/libsoc.a(rtc_clk.c.obj)
                                 0x2c (size before relaxing)
 .literal.rtc_clk_cpu_freq_set_config
                0x40080cf0        0x0 soc/libsoc.a(rtc_clk.c.obj)
                                 0x30 (size before relaxing)
 .literal.rtc_clk_apb_freq_get
                0x40080cf0        0x4 soc/libsoc.a(rtc_clk.c.obj)
                                 0x10 (size before relaxing)
 .literal.rtc_init
                0x40080cf4       0x5c soc/libsoc.a(rtc_init.c.obj)
                                 0xdc (size before relaxing)
 .literal.rtc_clk_cal_internal
                0x40080d50       0x2c soc/libsoc.a(rtc_time.c.obj)
                                 0x68 (size before relaxing)
 .literal.rtc_clk_cal
                0x40080d7c        0x0 soc/libsoc.a(rtc_time.c.obj)
                                  0xc (size before relaxing)
 .literal.rtc_time_get
                0x40080d7c       0x10 soc/libsoc.a(rtc_time.c.obj)
                                 0x18 (size before relaxing)
 .literal.rtc_clk_wait_for_slow_cycle
                0x40080d8c        0x8 soc/libsoc.a(rtc_time.c.obj)
                                 0x20 (size before relaxing)
 .literal.rtc_wdt_get_protect_status
                0x40080d94        0x8 soc/libsoc.a(rtc_wdt.c.obj)
 .literal.rtc_wdt_protect_off
                0x40080d9c        0x0 soc/libsoc.a(rtc_wdt.c.obj)
                                  0x8 (size before relaxing)
 .literal.rtc_wdt_protect_on
                0x40080d9c        0x0 soc/libsoc.a(rtc_wdt.c.obj)
                                  0x4 (size before relaxing)
 .literal.rtc_wdt_enable
                0x40080d9c        0xc soc/libsoc.a(rtc_wdt.c.obj)
                                 0x10 (size before relaxing)
 .literal.rtc_wdt_feed
                0x40080da8        0x0 soc/libsoc.a(rtc_wdt.c.obj)
                                 0x14 (size before relaxing)
 .literal.rtc_wdt_set_time
                0x40080da8       0x14 soc/libsoc.a(rtc_wdt.c.obj)
                                 0x20 (size before relaxing)
 .literal.rtc_wdt_set_stage
                0x40080dbc        0x8 soc/libsoc.a(rtc_wdt.c.obj)
                                 0x14 (size before relaxing)
 .literal.rtc_wdt_disable
                0x40080dc4        0x0 soc/libsoc.a(rtc_wdt.c.obj)
                                 0x2c (size before relaxing)
 .literal.rtc_wdt_set_length_of_reset_signal
                0x40080dc4        0x4 soc/libsoc.a(rtc_wdt.c.obj)
                                  0xc (size before relaxing)
 .literal.rtc_wdt_is_on
                0x40080dc8        0x0 soc/libsoc.a(rtc_wdt.c.obj)
                                  0x4 (size before relaxing)
 .literal       0x40080dc8        0x0 C:/SysGCC/esp32/esp-idf/v3.2/components/esp32/libhal.a(windowspill_asm.o)
                                  0x4 (size before relaxing)
 .literal.esp_rom_spiflash_read_status
                0x40080dc8       0x10 spi_flash/libspi_flash.a(spi_flash_rom_patch.c.obj)
                                 0x14 (size before relaxing)
 .literal.esp_rom_spiflash_wait_idle
                0x40080dd8        0x8 spi_flash/libspi_flash.a(spi_flash_rom_patch.c.obj)
                                  0xc (size before relaxing)
 .literal.esp_rom_spiflash_erase_block_internal
                0x40080de0        0x4 spi_flash/libspi_flash.a(spi_flash_rom_patch.c.obj)
                                 0x18 (size before relaxing)
 .literal.esp_rom_spiflash_erase_sector_internal
                0x40080de4        0x0 spi_flash/libspi_flash.a(spi_flash_rom_patch.c.obj)
                                 0x18 (size before relaxing)
 .literal.esp_rom_spiflash_read_data
                0x40080de4       0x1c spi_flash/libspi_flash.a(spi_flash_rom_patch.c.obj)
                                 0x34 (size before relaxing)
 .literal.esp_rom_spiflash_enable_write
                0x40080e00        0x0 spi_flash/libspi_flash.a(spi_flash_rom_patch.c.obj)
                                 0x10 (size before relaxing)
 .literal.esp_rom_spiflash_program_page_internal
                0x40080e00        0xc spi_flash/libspi_flash.a(spi_flash_rom_patch.c.obj)
                                 0x40 (size before relaxing)
 .literal.esp_rom_spiflash_read_statushigh
                0x40080e0c        0x4 spi_flash/libspi_flash.a(spi_flash_rom_patch.c.obj)
                                  0xc (size before relaxing)
 .literal.esp_rom_spiflash_write_status
                0x40080e10        0x4 spi_flash/libspi_flash.a(spi_flash_rom_patch.c.obj)
                                 0x14 (size before relaxing)
 .literal.esp_rom_spiflash_unlock
                0x40080e14        0x8 spi_flash/libspi_flash.a(spi_flash_rom_patch.c.obj)
                                 0x28 (size before relaxing)
 .literal.esp_rom_spiflash_erase_block
                0x40080e1c        0xc spi_flash/libspi_flash.a(spi_flash_rom_patch.c.obj)
                                 0x20 (size before relaxing)
 .literal.esp_rom_spiflash_erase_sector
                0x40080e28        0x0 spi_flash/libspi_flash.a(spi_flash_rom_patch.c.obj)
                                 0x20 (size before relaxing)
 .literal.esp_rom_spiflash_write
                0x40080e28        0x0 spi_flash/libspi_flash.a(spi_flash_rom_patch.c.obj)
                                 0x28 (size before relaxing)
 .literal.esp_rom_spiflash_write_encrypted
                0x40080e28        0xc spi_flash/libspi_flash.a(spi_flash_rom_patch.c.obj)
                                 0x10 (size before relaxing)
 .literal.esp_rom_spiflash_read
                0x40080e34       0x2c spi_flash/libspi_flash.a(spi_flash_rom_patch.c.obj)
                                 0x5c (size before relaxing)
 .literal       0x40080e60        0x8 C:/SysGCC/esp32/esp-idf/v3.2/components/newlib/lib\libm.a(lib_a-s_fpclassify.o)
                                 0x18 (size before relaxing)
 .iram1         0x40080e68      0x286 esp32/libesp32.a(cpu_start.c.obj)
                                0x33e (size before relaxing)
                0x40080e68                start_cpu0_default
                0x40080e68                start_cpu0
                0x40080f34                start_cpu1
                0x40080f34                start_cpu1_default
                0x40080fb0                call_start_cpu0
 *fill*         0x400810ee        0x2 
 .iram1         0x400810f0       0xb0 esp32/libesp32.a(crosscore_int.c.obj)
                                 0xc0 (size before relaxing)
                0x40081188                esp_crosscore_int_send_yield
                0x40081194                esp_crosscore_int_send_freq_switch
 .iram1         0x400811a0      0x1e3 esp32/libesp32.a(dport_access.c.obj)
                                0x1ef (size before relaxing)
                0x400811a0                esp_dport_access_stall_other_cpu_start
                0x40081250                esp_dport_access_stall_other_cpu_end
                0x400812cc                esp_dport_access_stall_other_cpu_start_wrap
                0x400812d4                esp_dport_access_stall_other_cpu_end_wrap
                0x400812dc                esp_dport_access_int_pause
                0x40081300                esp_dport_access_int_abort
                0x40081314                esp_dport_access_int_resume
                0x40081338                esp_dport_access_reg_read
                0x40081350                esp_dport_access_sequence_reg_read
                0x4008135c                esp_dport_access_read_buffer
 *fill*         0x40081383        0x1 
 .iram1         0x40081384       0xde esp32/libesp32.a(dport_panic_highint_hdl.S.obj)
                                 0xe6 (size before relaxing)
                0x40081384                xt_highint4
                0x40081462                ld_include_panic_highint_hdl
 *fill*         0x40081462        0x2 
 .iram1         0x40081464      0x203 esp32/libesp32.a(esp_timer.c.obj)
                                0x21b (size before relaxing)
                0x40081580                esp_timer_stop
                0x400815a4                esp_timer_get_next_alarm
                0x400815c4                esp_timer_get_time
                0x400815d4                esp_timer_start_once
                0x40081618                esp_timer_start_periodic
 *fill*         0x40081667        0x1 
 .iram1         0x40081668      0x477 esp32/libesp32.a(esp_timer_esp32.c.obj)
                                0x487 (size before relaxing)
                0x40081780                esp_timer_impl_get_time
                0x400818e0                esp_timer_impl_set_alarm
                0x40081a24                esp_timer_impl_update_apb_freq
                0x40081ad4                esp_timer_impl_get_min_period_us
 *fill*         0x40081adf        0x1 
 .iram1         0x40081ae0       0x53 esp32/libesp32.a(int_wdt.c.obj)
 *fill*         0x40081b33        0x1 
 .iram1         0x40081b34      0x2b6 esp32/libesp32.a(intr_alloc.c.obj)
                                0x2ce (size before relaxing)
                0x40081b70                esp_intr_set_in_iram
                0x40081bf8                esp_intr_enable
                0x40081c80                esp_intr_disable
                0x40081d48                esp_intr_noniram_disable
                0x40081d94                esp_intr_noniram_enable
                0x40081dd4                ets_isr_unmask
                0x40081de0                ets_isr_mask
 *fill*         0x40081dea        0x2 
 .iram1         0x40081dec       0x7f esp32/libesp32.a(ipc.c.obj)
                                 0x8b (size before relaxing)
 *fill*         0x40081e6b        0x1 
 .iram1         0x40081e6c      0x195 esp32/libesp32.a(system_api.c.obj)
                                0x1e4 (size before relaxing)
                0x40081e6c                esp_restart_noos
                0x40081fe0                system_restart
                0x40081fe0                esp_restart
 *fill*         0x40082001        0x3 
 .iram1         0x40082004       0x2c esp32/libesp32.a(cache_err_int.c.obj)
                                 0x34 (size before relaxing)
                0x40082004                esp_cache_err_get_cpuid
 .iram1         0x40082030       0x47 esp32/libesp32.a(clk.c.obj)
                                 0x4b (size before relaxing)
                0x40082030                esp_clk_cpu_freq
                0x40082040                esp_clk_apb_freq
                0x40082058                esp_clk_xtal_freq
                0x40082068                ets_update_cpu_frequency
 *fill*         0x40082077        0x1 
 .iram1         0x40082078       0x27 esp32/libesp32.a(freertos_hooks.c.obj)
                0x40082078                esp_vApplicationTickHook
 *fill*         0x4008209f        0x1 
 .iram1         0x400820a0      0x11a soc/libsoc.a(cpu_util.c.obj)
                0x400820a0                esp_cpu_stall
                0x40082134                esp_cpu_unstall
                0x40082188                esp_cpu_reset
                0x400821ac                esp_cpu_in_ocd_debug_mode
 *fill*         0x400821ba        0x2 
 .iram1         0x400821bc      0x18a log/liblog.a(log.c.obj)
                                0x19a (size before relaxing)
                0x400821bc                esp_log_write
                0x400822ec                esp_log_early_timestamp
                0x40082308                esp_log_timestamp
 *fill*         0x40082346        0x2 
 .iram1         0x40082348      0x3f1 heap/libheap.a(heap_caps.c.obj)
                                0x40d (size before relaxing)
                0x400823d8                heap_caps_malloc
                0x40082478                heap_caps_malloc_default
                0x400824bc                heap_caps_malloc_prefer
                0x40082514                heap_caps_free
                0x4008254c                heap_caps_realloc
                0x400825f8                heap_caps_realloc_default
                0x40082650                heap_caps_realloc_prefer
                0x400826b4                heap_caps_calloc
                0x400826e4                heap_caps_calloc_prefer
 *fill*         0x40082739        0x3 
 .iram1         0x4008273c       0x1a freertos/libfreertos.a(port.c.obj)
                0x4008273c                xPortInterruptedFromISRContext
 *fill*         0x40082756        0x2 
 .iram1         0x40082758      0x4c8 freertos/libfreertos.a(xtensa_vectors.S.obj)
                                0x4ec (size before relaxing)
                0x40082758                _xt_panic
                0x40082874                _xt_user_exit
                0x40082b6c                _xt_medint2_exit
                0x40082c0c                _xt_medint3_exit
 .iram1         0x40082c20       0x2e freertos/libfreertos.a(xtensa_vector_defaults.S.obj)
                                 0x32 (size before relaxing)
                0x40082c20                xt_debugexception
                0x40082c40                xt_highint5
                0x40082c48                xt_nmi
                0x40082c48                _xt_nmi
 *fill*         0x40082c4e        0x2 
 .iram1         0x40082c50      0x1cc newlib/libnewlib.a(locks.c.obj)
                                0x210 (size before relaxing)
                0x40082d68                _lock_init
                0x40082d78                _lock_init_recursive
                0x40082d88                _lock_close
                0x40082d88                _lock_close_recursive
                0x40082dc4                _lock_acquire
                0x40082dd4                _lock_acquire_recursive
                0x40082de4                _lock_try_acquire
                0x40082df4                _lock_try_acquire_recursive
                0x40082e04                _lock_release
                0x40082e10                _lock_release_recursive
 .iram1         0x40082e1c       0x3c newlib/libnewlib.a(reent_init.c.obj)
                0x40082e1c                esp_reent_init
 .iram1         0x40082e58       0x5a newlib/libnewlib.a(syscalls.c.obj)
                                 0x62 (size before relaxing)
                0x40082e58                _malloc_r
                0x40082e64                _free_r
                0x40082e70                _realloc_r
                0x40082e84                _calloc_r
 *fill*         0x40082eb2        0x2 
 .iram1         0x40082eb4       0x70 newlib/libnewlib.a(time.c.obj)
                                 0x74 (size before relaxing)
                0x40082eb4                _gettimeofday_r
                0x40082efc                _times_r
 .iram1         0x40082f24     0x104c driver/libdriver.a(spi_master.c.obj)
                               0x10f8 (size before relaxing)
                0x40083da8                spi_device_polling_start
                0x40083ebc                spi_device_polling_end
                0x40083f4c                spi_device_polling_transmit
 .iram1         0x40083f70      0x1d3 driver/libdriver.a(spi_common.c.obj)
                                0x1e3 (size before relaxing)
                0x40083f70                spicommon_setup_dma_desc_links
                0x40084078                spicommon_dmaworkaround_req_reset
                0x400840c8                spicommon_dmaworkaround_reset_in_progress
                0x400840dc                spicommon_dmaworkaround_idle
                0x40084120                spicommon_dmaworkaround_transfer_active
 *fill*         0x40084143        0x1 
 .iram1         0x40084144      0x2f4 spi_flash/libspi_flash.a(cache_utils.c.obj)
                                0x340 (size before relaxing)
                0x400841a8                spi_flash_op_block_func
                0x40084254                spi_flash_disable_interrupts_caches_and_other_cpu
                0x40084334                spi_flash_enable_interrupts_caches_and_other_cpu
                0x400843cc                spi_flash_disable_interrupts_caches_and_other_cpu_no_os
                0x400843f8                spi_flash_enable_interrupts_caches_no_os
                0x40084414                spi_flash_cache_enabled
 .iram1         0x40084438      0x722 spi_flash/libspi_flash.a(flash_ops.c.obj)
                                0x74a (size before relaxing)
                0x400844a8                spi_flash_guard_set
                0x400844b4                spi_flash_guard_get
                0x400844c0                spi_flash_get_chip_size
                0x400844cc                spi_flash_erase_range
                0x40084584                spi_flash_erase_sector
                0x400845a8                spi_flash_write
                0x40084770                spi_flash_read
                0x40084a08                spi_flash_read_encrypted
                0x40084a50                spi_flash_write_encrypted
 *fill*         0x40084b5a        0x2 
 .iram1         0x40084b5c      0x5c3 spi_flash/libspi_flash.a(flash_mmap.c.obj)
                                0x60f (size before relaxing)
                0x40084cb0                spi_flash_mmap_pages
                0x40084ef4                spi_flash_mmap
                0x40084f68                spi_flash_munmap
                0x4008500c                spi_flash_mmap_get_free_pages
                0x40085060                spi_flash_mark_modified_region
                0x400850ac                spi_flash_phys2cache
 *fill*         0x4008511f        0x1 
 .iram1         0x40085120       0x20 esp32/libesp32.a(dbg_stubs.c.obj)
 *fill*         0x40085140        0x0 
 *fill*         0x40085140        0x0 
 *fill*         0x40085140        0x0 
 *fill*         0x40085140        0x0 
 *fill*         0x40085140        0x0 
 *fill*         0x40085140        0x0 
 *fill*         0x40085140        0x0 
 *fill*         0x40085140        0x0 
 *fill*         0x40085140        0x0 
 *fill*         0x40085140        0x0 
 *fill*         0x40085140        0x0 
 *fill*         0x40085140        0x0 
 *fill*         0x40085140        0x0 
 *fill*         0x40085140        0x0 
 *fill*         0x40085140        0x0 
 *fill*         0x40085140        0x0 
 *fill*         0x40085140        0x0 
 *libesp_ringbuf.a:(.literal .text .literal.* .text.*)
 .text.prvGetFreeSize
                0x40085140       0x3c esp_ringbuf/libesp_ringbuf.a(ringbuf.c.obj)
                                 0x40 (size before relaxing)
 .text.prvReceiveGeneric
                0x4008517c      0x128 esp_ringbuf/libesp_ringbuf.a(ringbuf.c.obj)
                                0x13c (size before relaxing)
 .text.xRingbufferSend
                0x400852a4       0xfd esp_ringbuf/libesp_ringbuf.a(ringbuf.c.obj)
                                0x111 (size before relaxing)
                0x400852a4                xRingbufferSend
 *fill*         0x400853a1        0x3 
 .text.xRingbufferReceive
                0x400853a4       0x45 esp_ringbuf/libesp_ringbuf.a(ringbuf.c.obj)
                0x400853a4                xRingbufferReceive
 *fill*         0x400853e9        0x3 
 .text.vRingbufferReturnItem
                0x400853ec       0x5a esp_ringbuf/libesp_ringbuf.a(ringbuf.c.obj)
                                 0x66 (size before relaxing)
                0x400853ec                vRingbufferReturnItem
 *fill*         0x40085446        0x2 
 .text.prvCheckItemAvail
                0x40085448       0x34 esp_ringbuf/libesp_ringbuf.a(ringbuf.c.obj)
 *fill*         0x4008547c        0x0 
 *fill*         0x4008547c        0x0 
 *libfreertos.a:(.literal .text .literal.* .text.*)
 .text.vPortTaskWrapper
                0x4008547c       0x26 freertos/libfreertos.a(port.c.obj)
                                 0x32 (size before relaxing)
 *fill*         0x400854a2        0x2 
 .text.pxPortInitialiseStack
                0x400854a4       0x8a freertos/libfreertos.a(port.c.obj)
                0x400854a4                pxPortInitialiseStack
 *fill*         0x4008552e        0x2 
 .text.xPortStartScheduler
                0x40085530       0x22 freertos/libfreertos.a(port.c.obj)
                                 0x2e (size before relaxing)
                0x40085530                xPortStartScheduler
 *fill*         0x40085552        0x2 
 .text.xPortSysTickHandler
                0x40085554       0x10 freertos/libfreertos.a(port.c.obj)
                                 0x16 (size before relaxing)
                0x40085554                xPortSysTickHandler
 *fill*         0x40085564        0x0 
 .text.vPortYieldOtherCore
                0x40085564        0xa freertos/libfreertos.a(port.c.obj)
                                  0xe (size before relaxing)
                0x40085564                vPortYieldOtherCore
 *fill*         0x4008556e        0x2 
 .text.vPortReleaseTaskMPUSettings
                0x40085570        0xa freertos/libfreertos.a(port.c.obj)
                                  0xe (size before relaxing)
                0x40085570                vPortReleaseTaskMPUSettings
 *fill*         0x4008557a        0x2 
 .text.xPortInIsrContext
                0x4008557c       0x26 freertos/libfreertos.a(port.c.obj)
                0x4008557c                xPortInIsrContext
 *fill*         0x400855a2        0x2 
 .text.vPortCPUInitializeMutex
                0x400855a4        0xe freertos/libfreertos.a(port.c.obj)
                0x400855a4                vPortCPUInitializeMutex
 *fill*         0x400855b2        0x2 
 .text.vPortCPUAcquireMutex
                0x400855b4       0x81 freertos/libfreertos.a(port.c.obj)
                                 0x88 (size before relaxing)
                0x400855b4                vPortCPUAcquireMutex
 *fill*         0x40085635        0x3 
 .text.vPortCPUReleaseMutex
                0x40085638       0x4d freertos/libfreertos.a(port.c.obj)
                                 0x50 (size before relaxing)
                0x40085638                vPortCPUReleaseMutex
 *fill*         0x40085685        0x3 
 .text          0x40085688      0x1d4 freertos/libfreertos.a(portasm.S.obj)
                                0x1e0 (size before relaxing)
                0x40085688                _frxt_setup_switch
                0x400856a0                _frxt_int_enter
                0x400856e4                _frxt_int_exit
                0x40085734                _frxt_timer_int
                0x4008575c                _frxt_tick_timer_init
                0x40085778                _frxt_dispatch
                0x400857c4                vPortYield
                0x40085810                vPortYieldFromInt
                0x40085830                _frxt_task_coproc_state
 .text.prvIsQueueFull
                0x4008585c       0x2a freertos/libfreertos.a(queue.c.obj)
 *fill*         0x40085886        0x2 
 .text.prvCopyDataToQueue
                0x40085888       0x9e freertos/libfreertos.a(queue.c.obj)
 *fill*         0x40085926        0x2 
 .text.prvNotifyQueueSetContainer
                0x40085928       0x77 freertos/libfreertos.a(queue.c.obj)
                                 0x8a (size before relaxing)
 *fill*         0x4008599f        0x1 
 .text.prvCopyDataFromQueue
                0x400859a0       0x24 freertos/libfreertos.a(queue.c.obj)
 .text.xQueueGenericReset
                0x400859c4       0x86 freertos/libfreertos.a(queue.c.obj)
                                 0x96 (size before relaxing)
                0x400859c4                xQueueGenericReset
 *fill*         0x40085a4a        0x2 
 .text.prvInitialiseNewQueue
                0x40085a4c       0x1f freertos/libfreertos.a(queue.c.obj)
                                 0x23 (size before relaxing)
 *fill*         0x40085a6b        0x1 
 .text.xQueueGenericCreate
                0x40085a6c       0x49 freertos/libfreertos.a(queue.c.obj)
                                 0x4d (size before relaxing)
                0x40085a6c                xQueueGenericCreate
 *fill*         0x40085ab5        0x3 
 .text.xQueueGetMutexHolder
                0x40085ab8       0x23 freertos/libfreertos.a(queue.c.obj)
                0x40085ab8                xQueueGetMutexHolder
 *fill*         0x40085adb        0x1 
 .text.xQueueCreateCountingSemaphore
                0x40085adc       0x66 freertos/libfreertos.a(queue.c.obj)
                                 0x6a (size before relaxing)
                0x40085adc                xQueueCreateCountingSemaphore
 *fill*         0x40085b42        0x2 
 .text.xQueueGenericSend
                0x40085b44      0x158 freertos/libfreertos.a(queue.c.obj)
                                0x18c (size before relaxing)
                0x40085b44                xQueueGenericSend
 .text.prvInitialiseMutex
                0x40085c9c       0x22 freertos/libfreertos.a(queue.c.obj)
                                 0x26 (size before relaxing)
 *fill*         0x40085cbe        0x2 
 .text.xQueueCreateMutex
                0x40085cc0       0x16 freertos/libfreertos.a(queue.c.obj)
                                 0x1a (size before relaxing)
                0x40085cc0                xQueueCreateMutex
 *fill*         0x40085cd6        0x2 
 .text.xQueueGiveMutexRecursive
                0x40085cd8       0x48 freertos/libfreertos.a(queue.c.obj)
                                 0x4c (size before relaxing)
                0x40085cd8                xQueueGiveMutexRecursive
 .text.xQueueGenericSendFromISR
                0x40085d20       0xd6 freertos/libfreertos.a(queue.c.obj)
                                 0xe6 (size before relaxing)
                0x40085d20                xQueueGenericSendFromISR
 *fill*         0x40085df6        0x2 
 .text.xQueueGiveFromISR
                0x40085df8       0xb6 freertos/libfreertos.a(queue.c.obj)
                                 0xc2 (size before relaxing)
                0x40085df8                xQueueGiveFromISR
 *fill*         0x40085eae        0x2 
 .text.xQueueGenericReceive
                0x40085eb0      0x144 freertos/libfreertos.a(queue.c.obj)
                                0x178 (size before relaxing)
                0x40085eb0                xQueueGenericReceive
 .text.xQueueTakeMutexRecursive
                0x40085ff4       0x51 freertos/libfreertos.a(queue.c.obj)
                0x40085ff4                xQueueTakeMutexRecursive
 *fill*         0x40086045        0x3 
 .text.xQueueReceiveFromISR
                0x40086048       0x96 freertos/libfreertos.a(queue.c.obj)
                                 0xa6 (size before relaxing)
                0x40086048                xQueueReceiveFromISR
 *fill*         0x400860de        0x2 
 .text.uxQueueMessagesWaiting
                0x400860e0       0x30 freertos/libfreertos.a(queue.c.obj)
                                 0x38 (size before relaxing)
                0x400860e0                uxQueueMessagesWaiting
 .text.vQueueDelete
                0x40086110       0x28 freertos/libfreertos.a(queue.c.obj)
                0x40086110                vQueueDelete
 .text.vQueueWaitForMessageRestricted
                0x40086138       0x23 freertos/libfreertos.a(queue.c.obj)
                                 0x2a (size before relaxing)
                0x40086138                vQueueWaitForMessageRestricted
 *fill*         0x4008615b        0x1 
 .text.prvResetNextTaskUnblockTime
                0x4008615c       0x34 freertos/libfreertos.a(tasks.c.obj)
 .text.prvDeleteTLS
                0x40086190       0x40 freertos/libfreertos.a(tasks.c.obj)
 .text.prvInitialiseNewTask
                0x400861d0       0xc4 freertos/libfreertos.a(tasks.c.obj)
                                 0xd0 (size before relaxing)
 .text.prvInitialiseTaskLists
                0x40086294       0x5a freertos/libfreertos.a(tasks.c.obj)
                                 0x6e (size before relaxing)
 *fill*         0x400862ee        0x2 
 .text.prvDeleteTCB
                0x400862f0       0x56 freertos/libfreertos.a(tasks.c.obj)
                                 0x5d (size before relaxing)
 *fill*         0x40086346        0x2 
 .text.prvAddCurrentTaskToDelayedList
                0x40086348       0x66 freertos/libfreertos.a(tasks.c.obj)
                                 0x6a (size before relaxing)
 *fill*         0x400863ae        0x2 
 .text.taskYIELD_OTHER_CORE
                0x400863b0       0x53 freertos/libfreertos.a(tasks.c.obj)
                0x400863b0                taskYIELD_OTHER_CORE
 *fill*         0x40086403        0x1 
 .text.vTaskSuspendAll
                0x40086404       0x26 freertos/libfreertos.a(tasks.c.obj)
                0x40086404                vTaskSuspendAll
 *fill*         0x4008642a        0x2 
 .text.xTaskGetTickCount
                0x4008642c        0xd freertos/libfreertos.a(tasks.c.obj)
                0x4008642c                xTaskGetTickCount
 *fill*         0x40086439        0x3 
 .text.xTaskGetIdleTaskHandleForCPU
                0x4008643c       0x2a freertos/libfreertos.a(tasks.c.obj)
                                 0x2e (size before relaxing)
                0x4008643c                xTaskGetIdleTaskHandleForCPU
 *fill*         0x40086466        0x2 
 .text.vTaskSwitchContext
                0x40086468      0x27e freertos/libfreertos.a(tasks.c.obj)
                                0x28a (size before relaxing)
                0x40086468                vTaskSwitchContext
 *fill*         0x400866e6        0x2 
 .text.vTaskSetTimeOutState
                0x400866e8       0x34 freertos/libfreertos.a(tasks.c.obj)
                0x400866e8                vTaskSetTimeOutState
 .text.xTaskGetCurrentTaskHandle
                0x4008671c       0x1f freertos/libfreertos.a(tasks.c.obj)
                0x4008671c                xTaskGetCurrentTaskHandle
 *fill*         0x4008673b        0x1 
 .text.__getreent
                0x4008673c       0x19 freertos/libfreertos.a(tasks.c.obj)
                0x4008673c                __getreent
 *fill*         0x40086755        0x3 
 .text.pcTaskGetTaskName
                0x40086758       0x2a freertos/libfreertos.a(tasks.c.obj)
                                 0x2d (size before relaxing)
                0x40086758                pcTaskGetTaskName
 *fill*         0x40086782        0x2 
 .text.xTaskGetAffinity
                0x40086784       0x10 freertos/libfreertos.a(tasks.c.obj)
                                 0x13 (size before relaxing)
                0x40086784                xTaskGetAffinity
 *fill*         0x40086794        0x0 
 .text.xTaskGetCurrentTaskHandleForCPU
                0x40086794       0x17 freertos/libfreertos.a(tasks.c.obj)
                0x40086794                xTaskGetCurrentTaskHandleForCPU
 *fill*         0x400867ab        0x1 
 .text.xTaskGetSchedulerState
                0x400867ac       0x37 freertos/libfreertos.a(tasks.c.obj)
                0x400867ac                xTaskGetSchedulerState
 *fill*         0x400867e3        0x1 
 .text.vTaskEnterCritical
                0x400867e4       0xac freertos/libfreertos.a(tasks.c.obj)
                                 0xb3 (size before relaxing)
                0x400867e4                vTaskEnterCritical
 *fill*         0x40086890        0x0 
 .text.vTaskExitCritical
                0x40086890       0x77 freertos/libfreertos.a(tasks.c.obj)
                0x40086890                vTaskExitCritical
 *fill*         0x40086907        0x1 
 .text.prvAddNewTaskToReadyList
                0x40086908      0x160 freertos/libfreertos.a(tasks.c.obj)
                                0x173 (size before relaxing)
 *fill*         0x40086a68        0x0 
 .text.xTaskCreatePinnedToCore
                0x40086a68       0x6e freertos/libfreertos.a(tasks.c.obj)
                                 0x76 (size before relaxing)
                0x40086a68                xTaskCreatePinnedToCore
 *fill*         0x40086ad6        0x2 
 .text.vTaskStartScheduler
                0x40086ad8       0x77 freertos/libfreertos.a(tasks.c.obj)
                                 0x82 (size before relaxing)
                0x40086ad8                vTaskStartScheduler
 *fill*         0x40086b4f        0x1 
 .text.vTaskDelete
                0x40086b50      0x10a freertos/libfreertos.a(tasks.c.obj)
                                0x122 (size before relaxing)
                0x40086b50                vTaskDelete
 *fill*         0x40086c5a        0x2 
 .text.vTaskDelay
                0x40086c5c       0x70 freertos/libfreertos.a(tasks.c.obj)
                                 0x80 (size before relaxing)
                0x40086c5c                vTaskDelay
 .text.uxTaskPriorityGet
                0x40086ccc       0x1c freertos/libfreertos.a(tasks.c.obj)
                                 0x23 (size before relaxing)
                0x40086ccc                uxTaskPriorityGet
 *fill*         0x40086ce8        0x0 
 .text.vTaskPrioritySet
                0x40086ce8      0x12d freertos/libfreertos.a(tasks.c.obj)
                                0x143 (size before relaxing)
                0x40086ce8                vTaskPrioritySet
 *fill*         0x40086e15        0x3 
 .text.prvCheckTasksWaitingTermination
                0x40086e18       0xbe freertos/libfreertos.a(tasks.c.obj)
                                 0xc6 (size before relaxing)
 *fill*         0x40086ed6        0x2 
 .text.prvIdleTask
                0x40086ed8        0xc freertos/libfreertos.a(tasks.c.obj)
                                 0x12 (size before relaxing)
 *fill*         0x40086ee4        0x0 
 .text.xTaskIncrementTick
                0x40086ee4      0x1a6 freertos/libfreertos.a(tasks.c.obj)
                                0x1ba (size before relaxing)
                0x40086ee4                xTaskIncrementTick
 *fill*         0x4008708a        0x2 
 .text.xTaskResumeAll
                0x4008708c      0x177 freertos/libfreertos.a(tasks.c.obj)
                                0x186 (size before relaxing)
                0x4008708c                xTaskResumeAll
 *fill*         0x40087203        0x1 
 .text.vTaskPlaceOnEventList
                0x40087204       0x83 freertos/libfreertos.a(tasks.c.obj)
                                 0x97 (size before relaxing)
                0x40087204                vTaskPlaceOnEventList
 *fill*         0x40087287        0x1 
 .text.vTaskPlaceOnEventListRestricted
                0x40087288       0x5b freertos/libfreertos.a(tasks.c.obj)
                                 0x6f (size before relaxing)
                0x40087288                vTaskPlaceOnEventListRestricted
 *fill*         0x400872e3        0x1 
 .text.xTaskRemoveFromEventList
                0x400872e4      0x134 freertos/libfreertos.a(tasks.c.obj)
                                0x143 (size before relaxing)
                0x400872e4                xTaskRemoveFromEventList
 *fill*         0x40087418        0x0 
 .text.xTaskCheckForTimeOut
                0x40087418       0x89 freertos/libfreertos.a(tasks.c.obj)
                                 0x94 (size before relaxing)
                0x40087418                xTaskCheckForTimeOut
 *fill*         0x400874a1        0x3 
 .text.vTaskPriorityInherit
                0x400874a4       0xc4 freertos/libfreertos.a(tasks.c.obj)
                                 0xdb (size before relaxing)
                0x400874a4                vTaskPriorityInherit
 *fill*         0x40087568        0x0 
 .text.xTaskPriorityDisinherit
                0x40087568       0x97 freertos/libfreertos.a(tasks.c.obj)
                                 0xaa (size before relaxing)
                0x40087568                xTaskPriorityDisinherit
 *fill*         0x400875ff        0x1 
 .text.pvTaskIncrementMutexHeldCount
                0x40087600       0x50 freertos/libfreertos.a(tasks.c.obj)
                                 0x54 (size before relaxing)
                0x40087600                pvTaskIncrementMutexHeldCount
 .text.prvGetNextExpireTime
                0x40087650       0x20 freertos/libfreertos.a(timers.c.obj)
 .text.prvInsertTimerInActiveList
                0x40087670       0x50 freertos/libfreertos.a(timers.c.obj)
                                 0x54 (size before relaxing)
 .text.prvCheckForValidListAndQueue
                0x400876c0       0x66 freertos/libfreertos.a(timers.c.obj)
                                 0x7e (size before relaxing)
 *fill*         0x40087726        0x2 
 .text.xTimerCreateTimerTask
                0x40087728       0x48 freertos/libfreertos.a(timers.c.obj)
                                 0x4c (size before relaxing)
                0x40087728                xTimerCreateTimerTask
 .text.xTimerGenericCommand
                0x40087770       0x55 freertos/libfreertos.a(timers.c.obj)
                                 0x5d (size before relaxing)
                0x40087770                xTimerGenericCommand
 *fill*         0x400877c5        0x3 
 .text.prvSwitchTimerLists
                0x400877c8       0x76 freertos/libfreertos.a(timers.c.obj)
                                 0x82 (size before relaxing)
 *fill*         0x4008783e        0x2 
 .text.prvSampleTimeNow
                0x40087840       0x2b freertos/libfreertos.a(timers.c.obj)
                                 0x2f (size before relaxing)
 *fill*         0x4008786b        0x1 
 .text.prvProcessExpiredTimer
                0x4008786c       0x53 freertos/libfreertos.a(timers.c.obj)
                                 0x5f (size before relaxing)
 *fill*         0x400878bf        0x1 
 .text.prvProcessTimerOrBlockTask
                0x400878c0       0x58 freertos/libfreertos.a(timers.c.obj)
                                 0x6c (size before relaxing)
 .text.prvProcessReceivedCommands
                0x40087918       0xd6 freertos/libfreertos.a(timers.c.obj)
                                 0xe6 (size before relaxing)
 *fill*         0x400879ee        0x2 
 .text.prvTimerTask
                0x400879f0       0x15 freertos/libfreertos.a(timers.c.obj)
                                 0x1d (size before relaxing)
 *fill*         0x40087a05        0x3 
 .text          0x40087a08      0x132 freertos/libfreertos.a(xtensa_context.S.obj)
                                0x13a (size before relaxing)
                0x40087a08                _xt_context_save
                0x40087a70                _xt_context_restore
                0x40087ab4                _xt_coproc_init
                0x40087ac8                _xt_coproc_release
                0x40087af4                _xt_coproc_savecs
                0x40087b18                _xt_coproc_restorecs
 *fill*         0x40087b3a        0x2 
 .text._xt_tick_divisor_init
                0x40087b3c       0x1c freertos/libfreertos.a(xtensa_init.c.obj)
                                 0x1f (size before relaxing)
                0x40087b3c                _xt_tick_divisor_init
 *fill*         0x40087b58        0x0 
 .text.xt_unhandled_interrupt
                0x40087b58       0x16 freertos/libfreertos.a(xtensa_intr.c.obj)
                0x40087b58                xt_unhandled_interrupt
 *fill*         0x40087b6e        0x2 
 .text.xt_set_interrupt_handler
                0x40087b70       0x46 freertos/libfreertos.a(xtensa_intr.c.obj)
                0x40087b70                xt_set_interrupt_handler
 *fill*         0x40087bb6        0x0 
 *fill*         0x40087bb6        0x0 
 *fill*         0x40087bb6        0x0 
 *fill*         0x40087bb6        0x0 
 *fill*         0x40087bb6        0x0 
 *fill*         0x40087bb6        0x2 
 .text.vPortStoreTaskMPUSettings
                0x40087bb8       0x13 freertos/libfreertos.a(port.c.obj)
                0x40087bb8                vPortStoreTaskMPUSettings
 *fill*         0x40087bcb        0x0 
 *fill*         0x40087bcb        0x0 
 *fill*         0x40087bcb        0x0 
 *fill*         0x40087bcb        0x1 
 .text.prvIsQueueEmpty
                0x40087bcc       0x12 freertos/libfreertos.a(queue.c.obj)
 *fill*         0x40087bde        0x0 
 *fill*         0x40087bde        0x0 
 *fill*         0x40087bde        0x0 
 *fill*         0x40087bde        0x0 
 *fill*         0x40087bde        0x0 
 *fill*         0x40087bde        0x0 
 *fill*         0x40087bde        0x0 
 *fill*         0x40087bde        0x0 
 *fill*         0x40087bde        0x0 
 *fill*         0x40087bde        0x0 
 *fill*         0x40087bde        0x0 
 *fill*         0x40087bde        0x0 
 *fill*         0x40087bde        0x0 
 *fill*         0x40087bde        0x0 
 *fill*         0x40087bde        0x0 
 *fill*         0x40087bde        0x0 
 *fill*         0x40087bde        0x0 
 *fill*         0x40087bde        0x0 
 *fill*         0x40087bde        0x0 
 *fill*         0x40087bde        0x0 
 *fill*         0x40087bde        0x0 
 *fill*         0x40087bde        0x0 
 *fill*         0x40087bde        0x0 
 *fill*         0x40087bde        0x0 
 *fill*         0x40087bde        0x0 
 *fill*         0x40087bde        0x0 
 *fill*         0x40087bde        0x0 
 *fill*         0x40087bde        0x0 
 *fill*         0x40087bde        0x0 
 *fill*         0x40087bde        0x0 
 *fill*         0x40087bde        0x0 
 *fill*         0x40087bde        0x0 
 *fill*         0x40087bde        0x0 
 *fill*         0x40087bde        0x0 
 *fill*         0x40087bde        0x0 
 *fill*         0x40087bde        0x0 
 *fill*         0x40087bde        0x0 
 *fill*         0x40087bde        0x0 
 *fill*         0x40087bde        0x0 
 *fill*         0x40087bde        0x0 
 *fill*         0x40087bde        0x0 
 *fill*         0x40087bde        0x0 
 *fill*         0x40087bde        0x0 
 *fill*         0x40087bde        0x0 
 *fill*         0x40087bde        0x0 
 *fill*         0x40087bde        0x0 
 *fill*         0x40087bde        0x0 
 *fill*         0x40087bde        0x0 
 *fill*         0x40087bde        0x0 
 *fill*         0x40087bde        0x0 
 *fill*         0x40087bde        0x0 
 *fill*         0x40087bde        0x0 
 *fill*         0x40087bde        0x0 
 *fill*         0x40087bde        0x0 
 *fill*         0x40087bde        0x0 
 *fill*         0x40087bde        0x0 
 *fill*         0x40087bde        0x0 
 *fill*         0x40087bde        0x2 
 .text          0x40087be0       0x33 freertos/libfreertos.a(xtensa_intr_asm.S.obj)
                0x40087be0                xt_ints_on
                0x40087bf8                xt_ints_off
 *fill*         0x40087c13        0x1 
 .text.vListInitialise
                0x40087c14       0x15 freertos/libfreertos.a(list.c.obj)
                0x40087c14                vListInitialise
 *fill*         0x40087c29        0x3 
 .text.vListInitialiseItem
                0x40087c2c        0x9 freertos/libfreertos.a(list.c.obj)
                0x40087c2c                vListInitialiseItem
 *fill*         0x40087c35        0x3 
 .text.vListInsertEnd
                0x40087c38       0x1b freertos/libfreertos.a(list.c.obj)
                0x40087c38                vListInsertEnd
 *fill*         0x40087c53        0x1 
 .text.vListInsert
                0x40087c54       0x2f freertos/libfreertos.a(list.c.obj)
                0x40087c54                vListInsert
 *fill*         0x40087c83        0x1 
 .text.uxListRemove
                0x40087c84       0x26 freertos/libfreertos.a(list.c.obj)
                0x40087c84                uxListRemove
 *libheap.a:multi_heap.*(.literal .text .literal.* .text.*)
 *fill*         0x40087caa        0x2 
 .text.get_prev_free_block
                0x40087cac       0x68 heap/libheap.a(multi_heap.c.obj)
                                 0x77 (size before relaxing)
 *fill*         0x40087d14        0x0 
 .text.split_if_necessary
                0x40087d14      0x138 heap/libheap.a(multi_heap.c.obj)
                                0x148 (size before relaxing)
 .text.assert_valid_block
                0x40087e4c       0xb0 heap/libheap.a(multi_heap.c.obj)
                                 0xb4 (size before relaxing)
 .text.merge_adjacent
                0x40087efc      0x12c heap/libheap.a(multi_heap.c.obj)
                                0x140 (size before relaxing)
 .text.multi_heap_get_allocated_size_impl
                0x40088028       0x38 heap/libheap.a(multi_heap.c.obj)
                                 0x3c (size before relaxing)
                0x40088028                multi_heap_get_allocated_size_impl
                0x40088028                multi_heap_get_allocated_size
 .text.multi_heap_malloc_impl
                0x40088060      0x110 heap/libheap.a(multi_heap.c.obj)
                                0x120 (size before relaxing)
                0x40088060                multi_heap_malloc_impl
                0x40088060                multi_heap_malloc
 .text.multi_heap_free_impl
                0x40088170      0x130 heap/libheap.a(multi_heap.c.obj)
                                0x14c (size before relaxing)
                0x40088170                multi_heap_free_impl
                0x40088170                multi_heap_free
 .text.multi_heap_realloc_impl
                0x400882a0      0x258 heap/libheap.a(multi_heap.c.obj)
                                0x274 (size before relaxing)
                0x400882a0                multi_heap_realloc_impl
                0x400882a0                multi_heap_realloc
 *fill*         0x400884f8        0x0 
 *fill*         0x400884f8        0x0 
 .text.multi_heap_register_impl
                0x400884f8       0x5e heap/libheap.a(multi_heap.c.obj)
                0x400884f8                multi_heap_register
                0x400884f8                multi_heap_register_impl
 *fill*         0x40088556        0x2 
 .text.multi_heap_set_lock
                0x40088558        0x7 heap/libheap.a(multi_heap.c.obj)
                0x40088558                multi_heap_set_lock
 *fill*         0x4008855f        0x0 
 *libheap.a:multi_heap_poisoning.*(.literal .text .literal.* .text.*)
 *libesp32.a:panic.*(.literal .text .literal.* .text.*)
 *fill*         0x4008855f        0x1 
 .text.panicPutChar
                0x40088560       0x1e esp32/libesp32.a(panic.c.obj)
 *fill*         0x4008857e        0x2 
 .text.panicPutStr
                0x40088580       0x1a esp32/libesp32.a(panic.c.obj)
 *fill*         0x4008859a        0x2 
 .text.panicPutHex
                0x4008859c       0x2c esp32/libesp32.a(panic.c.obj)
                                 0x2f (size before relaxing)
 *fill*         0x400885c8        0x0 
 .text.panicPutDec
                0x400885c8       0x3c esp32/libesp32.a(panic.c.obj)
                                 0x46 (size before relaxing)
 *fill*         0x40088604        0x0 
 .text.illegal_instruction_helper
                0x40088604       0x57 esp32/libesp32.a(panic.c.obj)
                                 0x73 (size before relaxing)
 *fill*         0x4008865b        0x1 
 .text.reconfigureAllWdts
                0x4008865c       0xa8 esp32/libesp32.a(panic.c.obj)
 .text.putEntry
                0x40088704       0x2b esp32/libesp32.a(panic.c.obj)
                                 0x37 (size before relaxing)
 *fill*         0x4008872f        0x1 
 .text.doBacktrace
                0x40088730       0x71 esp32/libesp32.a(panic.c.obj)
                                 0x78 (size before relaxing)
 *fill*         0x400887a1        0x3 
 .text.invoke_abort
                0x400887a4       0x1d esp32/libesp32.a(panic.c.obj)
 *fill*         0x400887c1        0x3 
 .text.haltOtherCore
                0x400887c4       0x18 esp32/libesp32.a(panic.c.obj)
 .text.commonErrorHandler_dump
                0x400887dc       0xd6 esp32/libesp32.a(panic.c.obj)
                                0x116 (size before relaxing)
 *fill*         0x400888b2        0x2 
 .text.esp_panic_dig_reset
                0x400888b4       0x32 esp32/libesp32.a(panic.c.obj)
                                 0x36 (size before relaxing)
 *fill*         0x400888e6        0x2 
 .text.commonErrorHandler
                0x400888e8       0x70 esp32/libesp32.a(panic.c.obj)
                                 0x9a (size before relaxing)
 *fill*         0x40088958        0x0 
 .text.esp_error_check_failed_print
                0x40088958       0x56 esp32/libesp32.a(panic.c.obj)
                                 0x5e (size before relaxing)
 *fill*         0x400889ae        0x2 
 .text.abort    0x400889b0       0x38 esp32/libesp32.a(panic.c.obj)
                                 0x3e (size before relaxing)
                0x400889b0                abort
 *fill*         0x400889e8        0x0 
 .text.vApplicationStackOverflowHook
                0x400889e8       0x17 esp32/libesp32.a(panic.c.obj)
                                 0x23 (size before relaxing)
                0x400889e8                vApplicationStackOverflowHook
 *fill*         0x400889ff        0x1 
 .text.panicHandler
                0x40088a00      0x167 esp32/libesp32.a(panic.c.obj)
                                0x19a (size before relaxing)
                0x40088a00                panicHandler
 *fill*         0x40088b67        0x1 
 .text.xt_unhandled_exception
                0x40088b68       0x88 esp32/libesp32.a(panic.c.obj)
                                 0xb4 (size before relaxing)
                0x40088b68                xt_unhandled_exception
 .text._esp_error_check_failed
                0x40088bf0       0x16 esp32/libesp32.a(panic.c.obj)
                                 0x1e (size before relaxing)
                0x40088bf0                _esp_error_check_failed
 *fill*         0x40088c06        0x0 
 *fill*         0x40088c06        0x0 
 *fill*         0x40088c06        0x0 
 *fill*         0x40088c06        0x2 
 .text.setFirstBreakpoint
                0x40088c08       0x13 esp32/libesp32.a(panic.c.obj)
 *fill*         0x40088c1b        0x0 
 *fill*         0x40088c1b        0x0 
 *fill*         0x40088c1b        0x0 
 *fill*         0x40088c1b        0x0 
 *fill*         0x40088c1b        0x0 
 *fill*         0x40088c1b        0x0 
 *fill*         0x40088c1b        0x0 
 *fill*         0x40088c1b        0x1 
 .text.esp_reset_reason_set_hint
                0x40088c1c        0x5 esp32/libesp32.a(panic.c.obj)
                0x40088c1c                esp_reset_reason_set_hint
 *fill*         0x40088c21        0x3 
 .text.esp_reset_reason_get_hint
                0x40088c24        0x7 esp32/libesp32.a(panic.c.obj)
                0x40088c24                esp_reset_reason_get_hint
 *fill*         0x40088c2b        0x0 
 *fill*         0x40088c2b        0x0 
 *fill*         0x40088c2b        0x0 
 *fill*         0x40088c2b        0x0 
 *libesp32.a:core_dump.*(.literal .text .literal.* .text.*)
 *libapp_trace.a:(.literal .text .literal.* .text.*)
 *libxtensa-debug-module.a:eri.*(.literal .text .literal.* .text.*)
 *fill*         0x40088c2b        0x1 
 .text.eri_write
                0x40088c2c        0x8 xtensa-debug-module/libxtensa-debug-module.a(eri.c.obj)
                0x40088c2c                eri_write
 *librtc.a:(.literal .text .literal.* .text.*)
 *libsoc.a:rtc_*.*(.literal .text .literal.* .text.*)
 .text.rtc_clk_32k_enable_common
                0x40088c34       0x81 soc/libsoc.a(rtc_clk.c.obj)
 *fill*         0x40088cb5        0x3 
 .text.rtc_clk_bbpll_disable
                0x40088cb8       0x3e soc/libsoc.a(rtc_clk.c.obj)
 *fill*         0x40088cf6        0x2 
 .text.rtc_clk_bbpll_enable
                0x40088cf8       0x66 soc/libsoc.a(rtc_clk.c.obj)
 *fill*         0x40088d5e        0x2 
 .text.rtc_clk_32k_enable
                0x40088d60       0x2d soc/libsoc.a(rtc_clk.c.obj)
                0x40088d60                rtc_clk_32k_enable
 *fill*         0x40088d8d        0x3 
 .text.rtc_clk_32k_enable_external
                0x40088d90        0xe soc/libsoc.a(rtc_clk.c.obj)
                                 0x12 (size before relaxing)
                0x40088d90                rtc_clk_32k_enable_external
 *fill*         0x40088d9e        0x2 
 .text.rtc_clk_8m_enable
                0x40088da0       0x9b soc/libsoc.a(rtc_clk.c.obj)
                0x40088da0                rtc_clk_8m_enable
 *fill*         0x40088e3b        0x1 
 .text.rtc_clk_slow_freq_set
                0x40088e3c       0x48 soc/libsoc.a(rtc_clk.c.obj)
                0x40088e3c                rtc_clk_slow_freq_set
 .text.rtc_clk_slow_freq_get
                0x40088e84       0x10 soc/libsoc.a(rtc_clk.c.obj)
                0x40088e84                rtc_clk_slow_freq_get
 .text.rtc_clk_slow_freq_get_hz
                0x40088e94       0x29 soc/libsoc.a(rtc_clk.c.obj)
                0x40088e94                rtc_clk_slow_freq_get_hz
 *fill*         0x40088ebd        0x3 
 .text.rtc_clk_fast_freq_set
                0x40088ec0       0x2a soc/libsoc.a(rtc_clk.c.obj)
                0x40088ec0                rtc_clk_fast_freq_set
 *fill*         0x40088eea        0x2 
 .text.rtc_clk_bbpll_configure
                0x40088eec      0x189 soc/libsoc.a(rtc_clk.c.obj)
                                0x18d (size before relaxing)
                0x40088eec                rtc_clk_bbpll_configure
 *fill*         0x40089075        0x3 
 .text.rtc_clk_xtal_freq_get
                0x40089078       0x35 soc/libsoc.a(rtc_clk.c.obj)
                0x40089078                rtc_clk_xtal_freq_get
                0x40089078                rtc_get_xtal
 *fill*         0x400890ad        0x3 
 .text.rtc_clk_cpu_freq_mhz_to_config
                0x400890b0       0x61 soc/libsoc.a(rtc_clk.c.obj)
                0x400890b0                rtc_clk_cpu_freq_mhz_to_config
 *fill*         0x40089111        0x3 
 .text.rtc_clk_cpu_freq_get_config
                0x40089114       0xa8 soc/libsoc.a(rtc_clk.c.obj)
                                 0xb8 (size before relaxing)
                0x40089114                rtc_clk_cpu_freq_get_config
 .text.rtc_clk_apb_freq_update
                0x400891bc       0x19 soc/libsoc.a(rtc_clk.c.obj)
                0x400891bc                rtc_clk_apb_freq_update
 *fill*         0x400891d5        0x3 
 .text.rtc_clk_cpu_freq_to_xtal
                0x400891d8       0x9f soc/libsoc.a(rtc_clk.c.obj)
                                 0xa3 (size before relaxing)
                0x400891d8                rtc_clk_cpu_freq_to_xtal
 *fill*         0x40089277        0x1 
 .text.rtc_clk_cpu_freq_set_xtal
                0x40089278       0x13 soc/libsoc.a(rtc_clk.c.obj)
                                 0x1f (size before relaxing)
                0x40089278                rtc_clk_cpu_freq_set_xtal
 *fill*         0x4008928b        0x1 
 .text.rtc_clk_cpu_freq_to_pll_mhz
                0x4008928c       0x88 soc/libsoc.a(rtc_clk.c.obj)
                                 0x94 (size before relaxing)
 .text.rtc_clk_cpu_freq_to_8m
                0x40089314       0x62 soc/libsoc.a(rtc_clk.c.obj)
                                 0x66 (size before relaxing)
 *fill*         0x40089376        0x2 
 .text.rtc_clk_cpu_freq_set_config
                0x40089378       0x5b soc/libsoc.a(rtc_clk.c.obj)
                                 0x76 (size before relaxing)
                0x40089378                rtc_clk_cpu_freq_set_config
 *fill*         0x400893d3        0x1 
 .text.rtc_clk_apb_freq_get
                0x400893d4       0x27 soc/libsoc.a(rtc_clk.c.obj)
                0x400893d4                rtc_clk_apb_freq_get
 *fill*         0x400893fb        0x1 
 .text.rtc_init
                0x400893fc      0x344 soc/libsoc.a(rtc_init.c.obj)
                                0x368 (size before relaxing)
                0x400893fc                rtc_init
 .text.rtc_clk_cal_internal
                0x40089740      0x1c8 soc/libsoc.a(rtc_time.c.obj)
                                0x1d0 (size before relaxing)
 .text.rtc_clk_cal
                0x40089908       0x4e soc/libsoc.a(rtc_time.c.obj)
                                 0x52 (size before relaxing)
                0x40089908                rtc_clk_cal
 *fill*         0x40089956        0x2 
 .text.rtc_time_get
                0x40089958       0x50 soc/libsoc.a(rtc_time.c.obj)
                0x40089958                rtc_time_get
 .text.rtc_clk_wait_for_slow_cycle
                0x400899a8       0x79 soc/libsoc.a(rtc_time.c.obj)
                0x400899a8                rtc_clk_wait_for_slow_cycle
 *fill*         0x40089a21        0x3 
 .text.rtc_wdt_get_protect_status
                0x40089a24       0x19 soc/libsoc.a(rtc_wdt.c.obj)
                0x40089a24                rtc_wdt_get_protect_status
 *fill*         0x40089a3d        0x3 